// 重构日志: 1fa97672
// 重构日志: ae738e5a
// 重构日志: 1afdc059
// 重构日志: 42b29b84
// 同步 ID: 5f102f4f @ Sat Aug  1 02:01:53 UTC 2026
// 同步 ID: 4eb9d747 @ Sat Aug  1 05:55:19 UTC 2026
// 重构日志: 18e3ac20
// 同步 ID: 8ec31123 @ Sat Aug  1 15:43:30 UTC 2026
// 重构日志: 6d8cf844
// 同步 ID: e63e9286 @ Sun Aug  2 08:13:13 UTC 2026
// 同步 ID: ec9e48b8 @ Sun Aug  2 16:36:29 UTC 2026
// 重构日志: 89ba873f
// 重构日志: d6db21ae
// 重构日志: ff7981bd
// 重构日志: 1d208470
// 同步 ID: fad93072 @ Tue Aug  4 17:26:22 UTC 2026
// 重构日志: c1ad74a0
// 重构日志: 1d10289d
// 同步 ID: f825067b @ Thu Aug  6 05:11:29 UTC 2026
// 同步 ID: 4d3633dd @ Fri Aug  7 00:34:19 UTC 2026
// 重构日志: 921b77ed
// 同步 ID: 0ba9e9aa @ Fri Aug  7 09:01:42 UTC 2026
// 重构日志: 14cb349d
// 重构日志: 0afe2107
// 重构日志: d571476f
// 重构日志: 2494acc3
// 重构日志: 82233128
// 同步 ID: 2be15fa2 @ Sat Aug  8 09:59:27 UTC 2026
// 重构日志: f1d3cad6
// 同步 ID: 72a1b289 @ Sat Aug  8 11:31:41 UTC 2026
